==============================================================================
Test                                                                          
==============================================================================
pipou                                                                 | PASS |
------------------------------------------------------------------------------
Test                                                                  | PASS |
1 critical test, 1 passed, 0 failed
1 test total, 1 passed, 0 failed
==============================================================================
Output:  C:\Users\AlexandreVASTRA\Desktop\Automatisation-master\TestCase\pabot_results\Test\output.xml
